// Jest Snapshot v1, https://goo.gl/fbAQLP

exports[`UI: ExtendedButton should match snapshot 1`] = `
<View
  accessible={true}
  collapsable={false}
  focusable={true}
  nativeID="animatedComponent"
  onClick={[Function]}
  onResponderGrant={[Function]}
  onResponderMove={[Function]}
  onResponderRelease={[Function]}
  onResponderTerminate={[Function]}
  onResponderTerminationRequest={[Function]}
  onStartShouldSetResponder={[Function]}
  style={
    Object {
      "alignItems": "center",
      "backgroundColor": "#FFB452",
      "borderColor": "#FFDBB0",
      "borderLeftWidth": 1,
      "borderRadius": 40,
      "borderRightWidth": 1,
      "borderTopWidth": 2,
      "flexDirection": "row",
      "justifyContent": "center",
      "maxHeight": 66,
      "opacity": 1,
      "paddingHorizontal": 24,
      "paddingVertical": 16,
      "shadowColor": "#B78036",
      "shadowOffset": Object {
        "height": 4,
        "width": 0,
      },
      "shadowOpacity": 1,
      "shadowRadius": 1,
    }
  }
>
  <Text
    style={
      Array [
        Object {
          "fontFamily": "Poppins-Regular",
          "fontSize": 17,
          "letterSpacing": 0.37,
          "lineHeight": 22,
        },
        Array [
          Object {
            "color": "#69471A",
            "fontFamily": "Poppins-Bold",
            "fontSize": 17,
            "letterSpacing": 0.34,
            "lineHeight": 30,
            "textAlign": "center",
          },
          undefined,
          undefined,
        ],
      ]
    }
  >
    hello, test
  </Text>
</View>
`;
